
> app@0.1.0 build
> next build

   Γû▓ Next.js 15.3.6

   Creating an optimized production build ...
 Γ£ô Compiled successfully in 1000ms
   Skipping validation of types
   Skipping linting
   Collecting page data ...
   Generating static pages (0/25) ...
   Generating static pages (6/25) 
node.exe : Error 
occurred prerendering 
page 
"/admin/tickets". 
Read more: https://nex
tjs.org/docs/messages/
prerender-error
At line:1 char:1
+ & "C:\Program Files\
nodejs/node.exe" "C:\U
sers\GIGABYTE\AppData\
Roami ...
+ ~~~~~~~~~~~~~~~~~~~~
~~~~~~~~~~~~~~~~~~~~~~
~~~~~~~~~~~~~~~~~~~~~~
~~~~~
    + CategoryInfo    
          : NotSpeci  
  fied: (Error occu   
 rred ...prerender    
-error:String) []    
, RemoteException
    + FullyQualifiedE 
   rrorId : NativeCo  
  mmandError
 
ReferenceError: cn is 
not defined
    at C:\Users\GIGABY
TE\Downloads\petfestiv
al\petfestival\.next\s
erver\app\admin\ticket
s\page.js:1:12633
    at Array.map 
(<anonymous>)
    at f (C:\Users\GIG
ABYTE\Downloads\petfes
tival\petfestival\.nex
t\server\app\admin\tic
kets\page.js:1:12057)
    at nF (C:\Users\GI
GABYTE\Downloads\petfe
stival\petfestival\nod
e_modules\next\dist\co
mpiled\next-server\app
-page.runtime.prod.js:
76:46843)
    at nH (C:\Users\GI
GABYTE\Downloads\petfe
stival\petfestival\nod
e_modules\next\dist\co
mpiled\next-server\app
-page.runtime.prod.js:
76:48618)
    at nW (C:\Users\GI
GABYTE\Downloads\petfe
stival\petfestival\nod
e_modules\next\dist\co
mpiled\next-server\app
-page.runtime.prod.js:
76:67762)
    at nz (C:\Users\GI
GABYTE\Downloads\petfe
stival\petfestival\nod
e_modules\next\dist\co
mpiled\next-server\app
-page.runtime.prod.js:
76:65337)
    at nB (C:\Users\GI
GABYTE\Downloads\petfe
stival\petfestival\nod
e_modules\next\dist\co
mpiled\next-server\app
-page.runtime.prod.js:
76:47195)
    at nH (C:\Users\GI
GABYTE\Downloads\petfe
stival\petfestival\nod
e_modules\next\dist\co
mpiled\next-server\app
-page.runtime.prod.js:
76:48664)
    at nH (C:\Users\GI
GABYTE\Downloads\petfe
stival\petfestival\nod
e_modules\next\dist\co
mpiled\next-server\app
-page.runtime.prod.js:
76:64688)
Export encountered an 
error on 
/admin/tickets/page: 
/admin/tickets, 
exiting the build.
 Γ¿» Next.js build 
worker exited with 
code: 1 and signal: 
null
